[{"functionName":"api2","param_0":[{"access":"read","fields":[]},{"access":"read","fields":[-1]},{"access":"read","fields":[0]},{"access":"write","fields":[0]},{"access":"read","fields":[1]},{"access":"write","fields":[1]},{"access":"write","fields":[2]},{"access":"read","fields":[3]}],"return":[]}]