[{"functionName":"set_default","param_0":[{"access":"read","fields":[]},{"access":"read","fields":[-1]},{"access":"write","fields":[0]},{"access":"write","fields":[1]},{"access":"write","fields":[2]},{"access":"write","fields":[3]}],"return":[]}]