[{"functionName":"swap_fields","param_0":[{"access":"read","fields":[]},{"access":"write","fields":[]}],"param_1":[{"access":"read","fields":[]},{"access":"write","fields":[]}],"return":[]}]