[{"functionName":"TIFFFreeDirectory","param_0":[{"access":"read","fields":[]},{"access":"read","fields":[-1]},{"access":"write","fields":[3]}],"return":[]}]