[{"functionName":"_TIFFfree","param_0":[{"access":"read","fields":[]}],"return":[]}]