[{"functionName":"api1","param_0":[{"access":"read","fields":[]}],"param_1":[{"access":"read","fields":[]}],"param_2":[{"access":"read","fields":[]}],"param_3":[{"access":"read","fields":[]}],"return":[{"access":"read","fields":[]},{"access":"write","fields":[]},{"access":"return","fields":[]},{"access":"read","fields":[-1]},{"access":"write","fields":[1]},{"access":"write","fields":[2]},{"access":"write","fields":[3]}]}]